src/components/posts/EditPostModal.tsx(126,45): error TS1127: Invalid character.
src/components/posts/EditPostModal.tsx(126,46): error TS1136: Property assignment expected.
src/components/posts/EditPostModal.tsx(267,29): error TS1005: ')' expected.
src/components/posts/EditPostModal.tsx(267,36): error TS1005: ',' expected.
src/components/posts/EditPostModal.tsx(267,45): error TS1005: ',' expected.
src/components/posts/EditPostModal.tsx(267,55): error TS1005: ',' expected.
src/components/posts/EditPostModal.tsx(267,69): error TS1005: ',' expected.
src/components/posts/EditPostModal.tsx(267,84): error TS1005: ',' expected.
src/components/posts/EditPostModal.tsx(267,101): error TS1005: ',' expected.
src/components/posts/EditPostModal.tsx(267,116): error TS1005: ',' expected.
src/components/posts/EditPostModal.tsx(267,117): error TS1005: ',' expected.
src/components/posts/EditPostModal.tsx(267,128): error TS1005: ',' expected.
src/components/posts/EditPostModal.tsx(270,19): error TS1005: ',' expected.
src/components/posts/EditPostModal.tsx(316,98): error TS1005: ';' expected.
src/components/posts/EditPostModal.tsx(316,106): error TS1005: ';' expected.
src/components/posts/EditPostModal.tsx(316,134): error TS1005: ';' expected.
src/components/posts/EditPostModal.tsx(363,25): error TS1005: ';' expected.
src/components/posts/EditPostModal.tsx(363,32): error TS1434: Unexpected keyword or identifier.
src/components/posts/EditPostModal.tsx(481,1): error TS1160: Unterminated template literal.
